// Jest Snapshot v1, https://goo.gl/fbAQLP

exports[`Transaction component should show transaction 1`] = `
<TransactionWrapper
  value={23}
>
  <TransactiononDate>
    24.04.2023
  </TransactiononDate>
  <Value>
    23.00
  </Value>
  <Comment>
    Some coments
  </Comment>
</TransactionWrapper>
`;
